// Jest Snapshot v1, https://jestjs.io/docs/snapshot-testing

exports[`JobCard component should match the snapshot 1`] = `
<div>
  <a
    class="block bg-white p-6 border border-gray-200 rounded-lg shadow-sm hover:shadow-lg transition-all duration-300 ease-in-out transform hover:-translate-y-1"
    href="/jobs/1"
  >
    <div
      class="flex items-start"
    >
      <div
        class="flex-shrink-0 mr-4"
      >
        <img
          alt="Innovate Inc. logo"
          class="rounded-full"
          data-nimg="1"
          decoding="async"
          height="56"
          loading="lazy"
          src="/globe.svg"
          style="color: transparent;"
          width="56"
        />
      </div>
      <div
        class="flex-grow"
      >
        <h2
          class="text-xl font-bold text-gray-800"
        >
          Senior Software Engineer
        </h2>
        <p
          class="text-md text-gray-600 mt-1"
        >
          Innovate Inc.
        </p>
        <p
          class="text-sm text-gray-500 mt-2"
        >
          Posted on 
          July 6, 2025
        </p>
      </div>
    </div>
  </a>
</div>
`;
